../Core/Src/main.c:65:6:HAL_ADC_ConvCpltCallback	16	static
../Core/Src/main.c:74:5:main	8	static
../Core/Src/main.c:121:6:SystemClock_Config	96	static
../Core/Src/main.c:182:13:MX_ADC1_Init	32	static
../Core/Src/main.c:240:13:MX_USART2_UART_Init	8	static
../Core/Src/main.c:275:13:MX_GPIO_Init	40	static
../Core/Src/main.c:301:6:fill_audio_buffer	16	static
../Core/Src/main.c:308:6:Log	16	static
../Core/Src/main.c:316:5:__io_putchar	16	static
../Core/Src/main.c:327:6:Error_Handler	4	static,ignoring_inline_asm
